// Bun Snapshot v1, https://goo.gl/fbAQLP

exports[`Scryfall Symbology .parseMana() should throw if empty shorthand 1`] = `[Function]`;
